2026-07-19 03:45:46.648087: I tensorflow/core/util/port.cc:153] oneDNN custom operations are on. You may see slightly different numerical results due to floating-point round-off errors from different computation orders. To turn them off, set the environment variable `TF_ENABLE_ONEDNN_OPTS=0`.
2026-07-19 03:45:46.722848: I tensorflow/core/platform/cpu_feature_guard.cc:210] This TensorFlow binary is optimized to use available CPU instructions in performance-critical operations.
To enable the following instructions: AVX2 AVX512F AVX512_VNNI FMA, in other operations, rebuild TensorFlow with the appropriate compiler flags.
2026-07-19 03:45:59.924004: I tensorflow/core/util/port.cc:153] oneDNN custom operations are on. You may see slightly different numerical results due to floating-point round-off errors from different computation orders. To turn them off, set the environment variable `TF_ENABLE_ONEDNN_OPTS=0`.
WARNING: All log messages before absl::InitializeLog() is called are written to STDERR
I0000 00:00:1784447170.832445 1393962 gpu_device.cc:2020] Created device /job:localhost/replica:0/task:0/device:GPU:0 with 43489 MB memory:  -> device: 0, name: NVIDIA L40S, pci bus id: 0000:19:00.0, compute capability: 8.9
I0000 00:00:1784447170.834624 1393962 gpu_device.cc:2020] Created device /job:localhost/replica:0/task:0/device:GPU:1 with 43489 MB memory:  -> device: 1, name: NVIDIA L40S, pci bus id: 0000:1a:00.0, compute capability: 8.9
I0000 00:00:1784447170.836585 1393962 gpu_device.cc:2020] Created device /job:localhost/replica:0/task:0/device:GPU:2 with 43489 MB memory:  -> device: 2, name: NVIDIA L40S, pci bus id: 0000:b4:00.0, compute capability: 8.9
I0000 00:00:1784447170.838526 1393962 gpu_device.cc:2020] Created device /job:localhost/replica:0/task:0/device:GPU:3 with 43489 MB memory:  -> device: 3, name: NVIDIA L40S, pci bus id: 0000:b6:00.0, compute capability: 8.9
2026-07-19 03:46:16.693169: I tensorflow/core/util/port.cc:153] oneDNN custom operations are on. You may see slightly different numerical results due to floating-point round-off errors from different computation orders. To turn them off, set the environment variable `TF_ENABLE_ONEDNN_OPTS=0`.
2026-07-19 03:46:16.767799: I tensorflow/core/platform/cpu_feature_guard.cc:210] This TensorFlow binary is optimized to use available CPU instructions in performance-critical operations.
To enable the following instructions: AVX2 AVX512F AVX512_VNNI FMA, in other operations, rebuild TensorFlow with the appropriate compiler flags.
2026-07-19 03:46:21.986185: I tensorflow/core/util/port.cc:153] oneDNN custom operations are on. You may see slightly different numerical results due to floating-point round-off errors from different computation orders. To turn them off, set the environment variable `TF_ENABLE_ONEDNN_OPTS=0`.
2026-07-19 03:46:28.985433: I tensorflow/core/util/port.cc:153] oneDNN custom operations are on. You may see slightly different numerical results due to floating-point round-off errors from different computation orders. To turn them off, set the environment variable `TF_ENABLE_ONEDNN_OPTS=0`.
2026-07-19 03:46:29.061481: I tensorflow/core/platform/cpu_feature_guard.cc:210] This TensorFlow binary is optimized to use available CPU instructions in performance-critical operations.
To enable the following instructions: AVX2 AVX512F AVX512_VNNI FMA, in other operations, rebuild TensorFlow with the appropriate compiler flags.
2026-07-19 03:46:34.480168: I tensorflow/core/util/port.cc:153] oneDNN custom operations are on. You may see slightly different numerical results due to floating-point round-off errors from different computation orders. To turn them off, set the environment variable `TF_ENABLE_ONEDNN_OPTS=0`.
WARNING: All log messages before absl::InitializeLog() is called are written to STDERR
I0000 00:00:1784447196.926760 1394024 gpu_device.cc:2020] Created device /job:localhost/replica:0/task:0/device:GPU:0 with 43489 MB memory:  -> device: 0, name: NVIDIA L40S, pci bus id: 0000:19:00.0, compute capability: 8.9
2026-07-19 03:46:41.040852: I tensorflow/core/util/port.cc:153] oneDNN custom operations are on. You may see slightly different numerical results due to floating-point round-off errors from different computation orders. To turn them off, set the environment variable `TF_ENABLE_ONEDNN_OPTS=0`.
2026-07-19 03:46:41.112597: I tensorflow/core/platform/cpu_feature_guard.cc:210] This TensorFlow binary is optimized to use available CPU instructions in performance-critical operations.
To enable the following instructions: AVX2 AVX512F AVX512_VNNI FMA, in other operations, rebuild TensorFlow with the appropriate compiler flags.
2026-07-19 03:46:47.171187: I tensorflow/core/util/port.cc:153] oneDNN custom operations are on. You may see slightly different numerical results due to floating-point round-off errors from different computation orders. To turn them off, set the environment variable `TF_ENABLE_ONEDNN_OPTS=0`.
WARNING: All log messages before absl::InitializeLog() is called are written to STDERR
I0000 00:00:1784447209.626162 1394037 gpu_device.cc:2020] Created device /job:localhost/replica:0/task:0/device:GPU:0 with 43489 MB memory:  -> device: 0, name: NVIDIA L40S, pci bus id: 0000:1a:00.0, compute capability: 8.9
2026-07-19 03:46:54.190922: I tensorflow/core/util/port.cc:153] oneDNN custom operations are on. You may see slightly different numerical results due to floating-point round-off errors from different computation orders. To turn them off, set the environment variable `TF_ENABLE_ONEDNN_OPTS=0`.
2026-07-19 03:46:54.264840: I tensorflow/core/platform/cpu_feature_guard.cc:210] This TensorFlow binary is optimized to use available CPU instructions in performance-critical operations.
To enable the following instructions: AVX2 AVX512F AVX512_VNNI FMA, in other operations, rebuild TensorFlow with the appropriate compiler flags.
2026-07-19 03:47:02.115425: I tensorflow/core/util/port.cc:153] oneDNN custom operations are on. You may see slightly different numerical results due to floating-point round-off errors from different computation orders. To turn them off, set the environment variable `TF_ENABLE_ONEDNN_OPTS=0`.
WARNING: All log messages before absl::InitializeLog() is called are written to STDERR
I0000 00:00:1784447225.653554 1394059 gpu_device.cc:2020] Created device /job:localhost/replica:0/task:0/device:GPU:0 with 43489 MB memory:  -> device: 0, name: NVIDIA L40S, pci bus id: 0000:b4:00.0, compute capability: 8.9
2026-07-19 03:47:10.714897: I tensorflow/core/util/port.cc:153] oneDNN custom operations are on. You may see slightly different numerical results due to floating-point round-off errors from different computation orders. To turn them off, set the environment variable `TF_ENABLE_ONEDNN_OPTS=0`.
2026-07-19 03:47:10.796306: I tensorflow/core/platform/cpu_feature_guard.cc:210] This TensorFlow binary is optimized to use available CPU instructions in performance-critical operations.
To enable the following instructions: AVX2 AVX512F AVX512_VNNI FMA, in other operations, rebuild TensorFlow with the appropriate compiler flags.
2026-07-19 03:47:16.652387: I tensorflow/core/util/port.cc:153] oneDNN custom operations are on. You may see slightly different numerical results due to floating-point round-off errors from different computation orders. To turn them off, set the environment variable `TF_ENABLE_ONEDNN_OPTS=0`.
WARNING: All log messages before absl::InitializeLog() is called are written to STDERR
I0000 00:00:1784447239.249581 1394099 gpu_device.cc:2020] Created device /job:localhost/replica:0/task:0/device:GPU:0 with 43489 MB memory:  -> device: 0, name: NVIDIA L40S, pci bus id: 0000:b6:00.0, compute capability: 8.9
2026-07-19 03:47:33.124994: I external/local_xla/xla/stream_executor/cuda/cuda_dnn.cc:473] Loaded cuDNN version 91100
2026-07-19 03:47:33.264866: I external/local_xla/xla/stream_executor/cuda/cuda_dnn.cc:473] Loaded cuDNN version 91100
2026-07-19 03:47:33.380834: I external/local_xla/xla/stream_executor/cuda/cuda_dnn.cc:473] Loaded cuDNN version 91100
2026-07-19 03:47:34.087580: I external/local_xla/xla/stream_executor/cuda/cuda_dnn.cc:473] Loaded cuDNN version 91100
/nas/longleaf/home/inserra/EEGProc/venv312/lib/python3.12/site-packages/sklearn/metrics/_classification.py:259: UserWarning: The y_prob values do not sum to one. Make sure to pass probabilities.
  warnings.warn(
/nas/longleaf/home/inserra/EEGProc/venv312/lib/python3.12/site-packages/sklearn/metrics/_classification.py:259: UserWarning: The y_prob values do not sum to one. Make sure to pass probabilities.
  warnings.warn(
/nas/longleaf/home/inserra/EEGProc/venv312/lib/python3.12/site-packages/sklearn/metrics/_classification.py:259: UserWarning: The y_prob values do not sum to one. Make sure to pass probabilities.
  warnings.warn(
/nas/longleaf/home/inserra/EEGProc/venv312/lib/python3.12/site-packages/sklearn/metrics/_classification.py:259: UserWarning: The y_prob values do not sum to one. Make sure to pass probabilities.
  warnings.warn(
/nas/longleaf/home/inserra/EEGProc/venv312/lib/python3.12/site-packages/sklearn/metrics/_classification.py:259: UserWarning: The y_prob values do not sum to one. Make sure to pass probabilities.
  warnings.warn(
/nas/longleaf/home/inserra/EEGProc/venv312/lib/python3.12/site-packages/sklearn/metrics/_classification.py:259: UserWarning: The y_prob values do not sum to one. Make sure to pass probabilities.
  warnings.warn(
/nas/longleaf/home/inserra/EEGProc/venv312/lib/python3.12/site-packages/sklearn/metrics/_classification.py:259: UserWarning: The y_prob values do not sum to one. Make sure to pass probabilities.
  warnings.warn(
/nas/longleaf/home/inserra/EEGProc/venv312/lib/python3.12/site-packages/sklearn/metrics/_classification.py:259: UserWarning: The y_prob values do not sum to one. Make sure to pass probabilities.
  warnings.warn(
/nas/longleaf/home/inserra/EEGProc/venv312/lib/python3.12/site-packages/sklearn/metrics/_classification.py:259: UserWarning: The y_prob values do not sum to one. Make sure to pass probabilities.
  warnings.warn(
/nas/longleaf/home/inserra/EEGProc/venv312/lib/python3.12/site-packages/sklearn/metrics/_classification.py:259: UserWarning: The y_prob values do not sum to one. Make sure to pass probabilities.
  warnings.warn(
/nas/longleaf/home/inserra/EEGProc/venv312/lib/python3.12/site-packages/sklearn/metrics/_classification.py:259: UserWarning: The y_prob values do not sum to one. Make sure to pass probabilities.
  warnings.warn(
/nas/longleaf/home/inserra/EEGProc/venv312/lib/python3.12/site-packages/sklearn/metrics/_classification.py:259: UserWarning: The y_prob values do not sum to one. Make sure to pass probabilities.
  warnings.warn(
/nas/longleaf/home/inserra/EEGProc/venv312/lib/python3.12/site-packages/sklearn/metrics/_classification.py:259: UserWarning: The y_prob values do not sum to one. Make sure to pass probabilities.
  warnings.warn(
/nas/longleaf/home/inserra/EEGProc/venv312/lib/python3.12/site-packages/sklearn/metrics/_classification.py:259: UserWarning: The y_prob values do not sum to one. Make sure to pass probabilities.
  warnings.warn(
/nas/longleaf/home/inserra/EEGProc/venv312/lib/python3.12/site-packages/sklearn/metrics/_classification.py:259: UserWarning: The y_prob values do not sum to one. Make sure to pass probabilities.
  warnings.warn(
/nas/longleaf/home/inserra/EEGProc/venv312/lib/python3.12/site-packages/sklearn/metrics/_classification.py:259: UserWarning: The y_prob values do not sum to one. Make sure to pass probabilities.
  warnings.warn(
/nas/longleaf/home/inserra/EEGProc/venv312/lib/python3.12/site-packages/sklearn/metrics/_classification.py:259: UserWarning: The y_prob values do not sum to one. Make sure to pass probabilities.
  warnings.warn(
/nas/longleaf/home/inserra/EEGProc/venv312/lib/python3.12/site-packages/sklearn/metrics/_classification.py:259: UserWarning: The y_prob values do not sum to one. Make sure to pass probabilities.
  warnings.warn(
/nas/longleaf/home/inserra/EEGProc/venv312/lib/python3.12/site-packages/sklearn/metrics/_classification.py:259: UserWarning: The y_prob values do not sum to one. Make sure to pass probabilities.
  warnings.warn(
/nas/longleaf/home/inserra/EEGProc/venv312/lib/python3.12/site-packages/sklearn/metrics/_classification.py:259: UserWarning: The y_prob values do not sum to one. Make sure to pass probabilities.
  warnings.warn(
/nas/longleaf/home/inserra/EEGProc/venv312/lib/python3.12/site-packages/sklearn/metrics/_classification.py:259: UserWarning: The y_prob values do not sum to one. Make sure to pass probabilities.
  warnings.warn(
/nas/longleaf/home/inserra/EEGProc/venv312/lib/python3.12/site-packages/sklearn/metrics/_classification.py:259: UserWarning: The y_prob values do not sum to one. Make sure to pass probabilities.
  warnings.warn(
