Requirement already satisfied: pip in ./venv312/lib/python3.12/site-packages (26.1.2)
Requirement already satisfied: absl-py==2.4.0 in ./venv312/lib/python3.12/site-packages (from -r requirements.txt (line 1)) (2.4.0)
Requirement already satisfied: alabaster==1.0.0 in ./venv312/lib/python3.12/site-packages (from -r requirements.txt (line 2)) (1.0.0)
Requirement already satisfied: astunparse==1.6.3 in ./venv312/lib/python3.12/site-packages (from -r requirements.txt (line 3)) (1.6.3)
Requirement already satisfied: babel==2.17.0 in ./venv312/lib/python3.12/site-packages (from -r requirements.txt (line 4)) (2.17.0)
Requirement already satisfied: backports.tarfile==1.2.0 in ./venv312/lib/python3.12/site-packages (from -r requirements.txt (line 5)) (1.2.0)
Requirement already satisfied: build==1.3.0 in ./venv312/lib/python3.12/site-packages (from -r requirements.txt (line 6)) (1.3.0)
Requirement already satisfied: bumpver==2025.1131 in ./venv312/lib/python3.12/site-packages (from -r requirements.txt (line 7)) (2025.1131)
Requirement already satisfied: certifi==2025.8.3 in ./venv312/lib/python3.12/site-packages (from -r requirements.txt (line 8)) (2025.8.3)
Requirement already satisfied: charset-normalizer==3.4.3 in ./venv312/lib/python3.12/site-packages (from -r requirements.txt (line 9)) (3.4.3)
Requirement already satisfied: click==8.3.0 in ./venv312/lib/python3.12/site-packages (from -r requirements.txt (line 10)) (8.3.0)
Requirement already satisfied: colorama==0.4.6 in ./venv312/lib/python3.12/site-packages (from -r requirements.txt (line 11)) (0.4.6)
Requirement already satisfied: contourpy==1.3.2 in ./venv312/lib/python3.12/site-packages (from -r requirements.txt (line 12)) (1.3.2)
Requirement already satisfied: coverage==7.10.7 in ./venv312/lib/python3.12/site-packages (from -r requirements.txt (line 13)) (7.10.7)
Requirement already satisfied: coverage-badge==1.1.2 in ./venv312/lib/python3.12/site-packages (from -r requirements.txt (line 14)) (1.1.2)
Requirement already satisfied: cycler==0.12.1 in ./venv312/lib/python3.12/site-packages (from -r requirements.txt (line 15)) (0.12.1)
Requirement already satisfied: decorator==5.2.1 in ./venv312/lib/python3.12/site-packages (from -r requirements.txt (line 16)) (5.2.1)
Requirement already satisfied: dill==0.4.0 in ./venv312/lib/python3.12/site-packages (from -r requirements.txt (line 17)) (0.4.0)
Requirement already satisfied: docutils==0.21.2 in ./venv312/lib/python3.12/site-packages (from -r requirements.txt (line 18)) (0.21.2)
Requirement already satisfied: EMD-signal==1.6.4 in ./venv312/lib/python3.12/site-packages (from -r requirements.txt (line 19)) (1.6.4)
Requirement already satisfied: exceptiongroup==1.3.0 in ./venv312/lib/python3.12/site-packages (from -r requirements.txt (line 20)) (1.3.0)
Requirement already satisfied: flatbuffers==25.12.19 in ./venv312/lib/python3.12/site-packages (from -r requirements.txt (line 21)) (25.12.19)
Requirement already satisfied: fonttools==4.60.1 in ./venv312/lib/python3.12/site-packages (from -r requirements.txt (line 22)) (4.60.1)
Requirement already satisfied: gast==0.7.0 in ./venv312/lib/python3.12/site-packages (from -r requirements.txt (line 23)) (0.7.0)
Requirement already satisfied: google-pasta==0.2.0 in ./venv312/lib/python3.12/site-packages (from -r requirements.txt (line 24)) (0.2.0)
Requirement already satisfied: grpcio==1.78.0 in ./venv312/lib/python3.12/site-packages (from -r requirements.txt (line 25)) (1.78.0)
Requirement already satisfied: h5py==3.15.1 in ./venv312/lib/python3.12/site-packages (from -r requirements.txt (line 26)) (3.15.1)
Requirement already satisfied: id==1.5.0 in ./venv312/lib/python3.12/site-packages (from -r requirements.txt (line 27)) (1.5.0)
Requirement already satisfied: idna==3.10 in ./venv312/lib/python3.12/site-packages (from -r requirements.txt (line 28)) (3.10)
Requirement already satisfied: imagesize==1.4.1 in ./venv312/lib/python3.12/site-packages (from -r requirements.txt (line 29)) (1.4.1)
Requirement already satisfied: importlib_metadata==8.7.0 in ./venv312/lib/python3.12/site-packages (from -r requirements.txt (line 30)) (8.7.0)
Requirement already satisfied: iniconfig==2.1.0 in ./venv312/lib/python3.12/site-packages (from -r requirements.txt (line 31)) (2.1.0)
Requirement already satisfied: jaraco.classes==3.4.0 in ./venv312/lib/python3.12/site-packages (from -r requirements.txt (line 32)) (3.4.0)
Requirement already satisfied: jaraco.context==6.0.1 in ./venv312/lib/python3.12/site-packages (from -r requirements.txt (line 33)) (6.0.1)
Requirement already satisfied: jaraco.functools==4.3.0 in ./venv312/lib/python3.12/site-packages (from -r requirements.txt (line 34)) (4.3.0)
Requirement already satisfied: Jinja2==3.1.6 in ./venv312/lib/python3.12/site-packages (from -r requirements.txt (line 35)) (3.1.6)
Requirement already satisfied: joblib==1.5.2 in ./venv312/lib/python3.12/site-packages (from -r requirements.txt (line 36)) (1.5.2)
Requirement already satisfied: keras==3.12.1 in ./venv312/lib/python3.12/site-packages (from -r requirements.txt (line 37)) (3.12.1)
Requirement already satisfied: keyring==25.6.0 in ./venv312/lib/python3.12/site-packages (from -r requirements.txt (line 38)) (25.6.0)
Requirement already satisfied: kiwisolver==1.4.9 in ./venv312/lib/python3.12/site-packages (from -r requirements.txt (line 39)) (1.4.9)
Requirement already satisfied: lazy_loader==0.4 in ./venv312/lib/python3.12/site-packages (from -r requirements.txt (line 40)) (0.4)
Requirement already satisfied: lexid==2021.1006 in ./venv312/lib/python3.12/site-packages (from -r requirements.txt (line 41)) (2021.1006)
Requirement already satisfied: libclang==18.1.1 in ./venv312/lib/python3.12/site-packages (from -r requirements.txt (line 42)) (18.1.1)
Requirement already satisfied: Markdown==3.10.2 in ./venv312/lib/python3.12/site-packages (from -r requirements.txt (line 43)) (3.10.2)
Requirement already satisfied: markdown-it-py==3.0.0 in ./venv312/lib/python3.12/site-packages (from -r requirements.txt (line 44)) (3.0.0)
Requirement already satisfied: MarkupSafe==3.0.3 in ./venv312/lib/python3.12/site-packages (from -r requirements.txt (line 45)) (3.0.3)
Requirement already satisfied: matplotlib==3.10.6 in ./venv312/lib/python3.12/site-packages (from -r requirements.txt (line 46)) (3.10.6)
Requirement already satisfied: mdit-py-plugins==0.5.0 in ./venv312/lib/python3.12/site-packages (from -r requirements.txt (line 47)) (0.5.0)
Requirement already satisfied: mdurl==0.1.2 in ./venv312/lib/python3.12/site-packages (from -r requirements.txt (line 48)) (0.1.2)
Requirement already satisfied: ml_dtypes==0.5.4 in ./venv312/lib/python3.12/site-packages (from -r requirements.txt (line 49)) (0.5.4)
Requirement already satisfied: mne==1.10.2 in ./venv312/lib/python3.12/site-packages (from -r requirements.txt (line 50)) (1.10.2)
Requirement already satisfied: more-itertools==10.8.0 in ./venv312/lib/python3.12/site-packages (from -r requirements.txt (line 51)) (10.8.0)
Requirement already satisfied: multiprocess==0.70.18 in ./venv312/lib/python3.12/site-packages (from -r requirements.txt (line 52)) (0.70.18)
Requirement already satisfied: myst-parser==4.0.1 in ./venv312/lib/python3.12/site-packages (from -r requirements.txt (line 53)) (4.0.1)
Requirement already satisfied: namex==0.1.0 in ./venv312/lib/python3.12/site-packages (from -r requirements.txt (line 54)) (0.1.0)
Requirement already satisfied: nh3==0.3.0 in ./venv312/lib/python3.12/site-packages (from -r requirements.txt (line 55)) (0.3.0)
Requirement already satisfied: numpy==2.2.6 in ./venv312/lib/python3.12/site-packages (from -r requirements.txt (line 56)) (2.2.6)
Requirement already satisfied: opt_einsum==3.4.0 in ./venv312/lib/python3.12/site-packages (from -r requirements.txt (line 57)) (3.4.0)
Requirement already satisfied: optree==0.18.0 in ./venv312/lib/python3.12/site-packages (from -r requirements.txt (line 58)) (0.18.0)
Requirement already satisfied: packaging==25.0 in ./venv312/lib/python3.12/site-packages (from -r requirements.txt (line 59)) (25.0)
Requirement already satisfied: pandas==2.3.2 in ./venv312/lib/python3.12/site-packages (from -r requirements.txt (line 60)) (2.3.2)
Requirement already satisfied: pathos==0.3.4 in ./venv312/lib/python3.12/site-packages (from -r requirements.txt (line 61)) (0.3.4)
Requirement already satisfied: pillow==11.3.0 in ./venv312/lib/python3.12/site-packages (from -r requirements.txt (line 62)) (11.3.0)
Requirement already satisfied: pip-tools==7.5.1 in ./venv312/lib/python3.12/site-packages (from -r requirements.txt (line 63)) (7.5.1)
Requirement already satisfied: platformdirs==4.5.0 in ./venv312/lib/python3.12/site-packages (from -r requirements.txt (line 64)) (4.5.0)
Requirement already satisfied: pluggy==1.6.0 in ./venv312/lib/python3.12/site-packages (from -r requirements.txt (line 65)) (1.6.0)
Requirement already satisfied: pockets==0.9.1 in ./venv312/lib/python3.12/site-packages (from -r requirements.txt (line 66)) (0.9.1)
Requirement already satisfied: pooch==1.8.2 in ./venv312/lib/python3.12/site-packages (from -r requirements.txt (line 67)) (1.8.2)
Requirement already satisfied: pox==0.3.6 in ./venv312/lib/python3.12/site-packages (from -r requirements.txt (line 68)) (0.3.6)
Requirement already satisfied: ppft==1.7.7 in ./venv312/lib/python3.12/site-packages (from -r requirements.txt (line 69)) (1.7.7)
Requirement already satisfied: protobuf==6.33.5 in ./venv312/lib/python3.12/site-packages (from -r requirements.txt (line 70)) (6.33.5)
Requirement already satisfied: Pygments==2.19.2 in ./venv312/lib/python3.12/site-packages (from -r requirements.txt (line 71)) (2.19.2)
Requirement already satisfied: pyparsing==3.2.5 in ./venv312/lib/python3.12/site-packages (from -r requirements.txt (line 72)) (3.2.5)
Requirement already satisfied: pyproject_hooks==1.2.0 in ./venv312/lib/python3.12/site-packages (from -r requirements.txt (line 73)) (1.2.0)
Requirement already satisfied: pytest==8.4.2 in ./venv312/lib/python3.12/site-packages (from -r requirements.txt (line 74)) (8.4.2)
Requirement already satisfied: pytest-cov==7.0.0 in ./venv312/lib/python3.12/site-packages (from -r requirements.txt (line 75)) (7.0.0)
Requirement already satisfied: python-dateutil==2.9.0.post0 in ./venv312/lib/python3.12/site-packages (from -r requirements.txt (line 76)) (2.9.0.post0)
Requirement already satisfied: pytz==2025.2 in ./venv312/lib/python3.12/site-packages (from -r requirements.txt (line 77)) (2025.2)
Requirement already satisfied: PyWavelets==1.8.0 in ./venv312/lib/python3.12/site-packages (from -r requirements.txt (line 78)) (1.8.0)
Requirement already satisfied: PyYAML==6.0.3 in ./venv312/lib/python3.12/site-packages (from -r requirements.txt (line 79)) (6.0.3)
Requirement already satisfied: readme_renderer==44.0 in ./venv312/lib/python3.12/site-packages (from -r requirements.txt (line 80)) (44.0)
Requirement already satisfied: requests==2.32.5 in ./venv312/lib/python3.12/site-packages (from -r requirements.txt (line 81)) (2.32.5)
Requirement already satisfied: requests-toolbelt==1.0.0 in ./venv312/lib/python3.12/site-packages (from -r requirements.txt (line 82)) (1.0.0)
Requirement already satisfied: rfc3986==2.0.0 in ./venv312/lib/python3.12/site-packages (from -r requirements.txt (line 83)) (2.0.0)
Requirement already satisfied: rich==14.1.0 in ./venv312/lib/python3.12/site-packages (from -r requirements.txt (line 84)) (14.1.0)
Requirement already satisfied: scikit-learn==1.7.2 in ./venv312/lib/python3.12/site-packages (from -r requirements.txt (line 85)) (1.7.2)
Requirement already satisfied: scipy==1.15.3 in ./venv312/lib/python3.12/site-packages (from -r requirements.txt (line 86)) (1.15.3)
Requirement already satisfied: six==1.17.0 in ./venv312/lib/python3.12/site-packages (from -r requirements.txt (line 87)) (1.17.0)
Requirement already satisfied: snowballstemmer==3.0.1 in ./venv312/lib/python3.12/site-packages (from -r requirements.txt (line 88)) (3.0.1)
Requirement already satisfied: Sphinx==8.1.3 in ./venv312/lib/python3.12/site-packages (from -r requirements.txt (line 89)) (8.1.3)
Requirement already satisfied: sphinx-autodoc-typehints==3.0.1 in ./venv312/lib/python3.12/site-packages (from -r requirements.txt (line 90)) (3.0.1)
Requirement already satisfied: sphinx-rtd-theme==3.0.2 in ./venv312/lib/python3.12/site-packages (from -r requirements.txt (line 91)) (3.0.2)
Requirement already satisfied: sphinxcontrib-applehelp==2.0.0 in ./venv312/lib/python3.12/site-packages (from -r requirements.txt (line 92)) (2.0.0)
Requirement already satisfied: sphinxcontrib-devhelp==2.0.0 in ./venv312/lib/python3.12/site-packages (from -r requirements.txt (line 93)) (2.0.0)
Requirement already satisfied: sphinxcontrib-htmlhelp==2.1.0 in ./venv312/lib/python3.12/site-packages (from -r requirements.txt (line 94)) (2.1.0)
Requirement already satisfied: sphinxcontrib-jquery==4.1 in ./venv312/lib/python3.12/site-packages (from -r requirements.txt (line 95)) (4.1)
Requirement already satisfied: sphinxcontrib-jsmath==1.0.1 in ./venv312/lib/python3.12/site-packages (from -r requirements.txt (line 96)) (1.0.1)
Requirement already satisfied: sphinxcontrib-napoleon==0.7 in ./venv312/lib/python3.12/site-packages (from -r requirements.txt (line 97)) (0.7)
Requirement already satisfied: sphinxcontrib-qthelp==2.0.0 in ./venv312/lib/python3.12/site-packages (from -r requirements.txt (line 98)) (2.0.0)
Requirement already satisfied: sphinxcontrib-serializinghtml==2.0.0 in ./venv312/lib/python3.12/site-packages (from -r requirements.txt (line 99)) (2.0.0)
Requirement already satisfied: tensorboard==2.20.0 in ./venv312/lib/python3.12/site-packages (from -r requirements.txt (line 100)) (2.20.0)
Requirement already satisfied: tensorboard-data-server==0.7.2 in ./venv312/lib/python3.12/site-packages (from -r requirements.txt (line 101)) (0.7.2)
Requirement already satisfied: tensorflow==2.20.0 in ./venv312/lib/python3.12/site-packages (from -r requirements.txt (line 102)) (2.20.0)
Requirement already satisfied: termcolor==3.3.0 in ./venv312/lib/python3.12/site-packages (from -r requirements.txt (line 103)) (3.3.0)
Requirement already satisfied: threadpoolctl==3.6.0 in ./venv312/lib/python3.12/site-packages (from -r requirements.txt (line 104)) (3.6.0)
Requirement already satisfied: toml==0.10.2 in ./venv312/lib/python3.12/site-packages (from -r requirements.txt (line 105)) (0.10.2)
Requirement already satisfied: tomli==2.2.1 in ./venv312/lib/python3.12/site-packages (from -r requirements.txt (line 106)) (2.2.1)
Requirement already satisfied: tqdm==4.67.1 in ./venv312/lib/python3.12/site-packages (from -r requirements.txt (line 107)) (4.67.1)
Requirement already satisfied: twine==6.2.0 in ./venv312/lib/python3.12/site-packages (from -r requirements.txt (line 108)) (6.2.0)
Requirement already satisfied: typing_extensions==4.15.0 in ./venv312/lib/python3.12/site-packages (from -r requirements.txt (line 109)) (4.15.0)
Requirement already satisfied: tzdata==2025.2 in ./venv312/lib/python3.12/site-packages (from -r requirements.txt (line 110)) (2025.2)
Requirement already satisfied: urllib3==2.5.0 in ./venv312/lib/python3.12/site-packages (from -r requirements.txt (line 111)) (2.5.0)
Requirement already satisfied: Werkzeug==3.1.6 in ./venv312/lib/python3.12/site-packages (from -r requirements.txt (line 112)) (3.1.6)
Requirement already satisfied: wrapt==2.1.1 in ./venv312/lib/python3.12/site-packages (from -r requirements.txt (line 113)) (2.1.1)
Requirement already satisfied: zipp==3.23.0 in ./venv312/lib/python3.12/site-packages (from -r requirements.txt (line 114)) (3.23.0)
Requirement already satisfied: wheel<1.0,>=0.23.0 in ./venv312/lib/python3.12/site-packages (from astunparse==1.6.3->-r requirements.txt (line 3)) (0.47.0)
Requirement already satisfied: setuptools in ./venv312/lib/python3.12/site-packages (from coverage-badge==1.1.2->-r requirements.txt (line 14)) (83.0.0)
Requirement already satisfied: SecretStorage>=3.2 in ./venv312/lib/python3.12/site-packages (from keyring==25.6.0->-r requirements.txt (line 38)) (3.5.0)
Requirement already satisfied: jeepney>=0.4.2 in ./venv312/lib/python3.12/site-packages (from keyring==25.6.0->-r requirements.txt (line 38)) (0.9.0)
Requirement already satisfied: pip>=22.2 in ./venv312/lib/python3.12/site-packages (from pip-tools==7.5.1->-r requirements.txt (line 63)) (26.1.2)
Requirement already satisfied: cryptography>=2.0 in ./venv312/lib/python3.12/site-packages (from SecretStorage>=3.2->keyring==25.6.0->-r requirements.txt (line 38)) (49.0.0)
Requirement already satisfied: cffi>=2.0.0 in ./venv312/lib/python3.12/site-packages (from cryptography>=2.0->SecretStorage>=3.2->keyring==25.6.0->-r requirements.txt (line 38)) (2.1.0)
Requirement already satisfied: pycparser in ./venv312/lib/python3.12/site-packages (from cffi>=2.0.0->cryptography>=2.0->SecretStorage>=3.2->keyring==25.6.0->-r requirements.txt (line 38)) (3.0)
Job ID: 59543817
Node: g181011.ll.unc.edu
Python: /nas/longleaf/home/inserra/EEGProc/venv312/bin/python
Virtual environment: /nas/longleaf/home/inserra/EEGProc/venv312
Module CUDA root: /nas/longleaf/rhel9/apps/cuda/12.9
XLA CUDA root: /nas/longleaf/rhel9/apps/cuda/12.9
libdevice: /nas/longleaf/rhel9/apps/cuda/12.9/nvvm/libdevice/libdevice.10.bc
XLA_FLAGS: --xla_gpu_cuda_data_dir=/nas/longleaf/rhel9/apps/cuda/12.9
Python 3.12.4
Sun Jul 19 14:41:30 2026       
+-----------------------------------------------------------------------------------------+
| NVIDIA-SMI 595.58.03              Driver Version: 595.58.03      CUDA Version: 13.2     |
+-----------------------------------------+------------------------+----------------------+
| GPU  Name                 Persistence-M | Bus-Id          Disp.A | Volatile Uncorr. ECC |
| Fan  Temp   Perf          Pwr:Usage/Cap |           Memory-Usage | GPU-Util  Compute M. |
|                                         |                        |               MIG M. |
|=========================================+========================+======================|
|   0  NVIDIA L40S                    On  |   00000000:B3:00.0 Off |                    0 |
| N/A   25C    P8             33W /  350W |       0MiB /  46068MiB |      0%      Default |
|                                         |                        |                  N/A |
+-----------------------------------------+------------------------+----------------------+
|   1  NVIDIA L40S                    On  |   00000000:B4:00.0 Off |                    0 |
| N/A   27C    P8             32W /  350W |       0MiB /  46068MiB |      0%      Default |
|                                         |                        |                  N/A |
+-----------------------------------------+------------------------+----------------------+

+-----------------------------------------------------------------------------------------+
| Processes:                                                                              |
|  GPU   GI   CI              PID   Type   Process name                        GPU Memory |
|        ID   ID                                                               Usage      |
|=========================================================================================|
|  No running processes found                                                             |
+-----------------------------------------------------------------------------------------+
Python executable: /nas/longleaf/home/inserra/EEGProc/venv312/bin/python
Virtual environment: /nas/longleaf/home/inserra/EEGProc/venv312
User site enabled: False
TensorFlow version: 2.20.0
TensorFlow location: /nas/longleaf/home/inserra/EEGProc/venv312/lib/python3.12/site-packages/tensorflow/__init__.py
XLA_FLAGS: --xla_gpu_cuda_data_dir=/nas/longleaf/rhel9/apps/cuda/12.9
Available GPUs: [PhysicalDevice(name='/physical_device:GPU:0', device_type='GPU'), PhysicalDevice(name='/physical_device:GPU:1', device_type='GPU')]
Resolved libdevice: /nas/longleaf/rhel9/apps/cuda/12.9/nvvm/libdevice/libdevice.10.bc
GPU exp-gradient test: [1.        2.7182817]
2026-07-19 14:42:09,010 | INFO | Starting joint-model v2 training run in runs/joint_autoencoder_vc_v2/CNN1D/joint_v2_dreamer_arousal_cnn1d_20260719_144208
2026-07-19 14:42:09,010 | INFO | Encoder type: cnn1d
2026-07-19 14:42:09,010 | INFO | Feature shape: (6210, 512, 14)
2026-07-19 14:42:09,011 | INFO | Unique subjects: 23
2026-07-19 14:42:09,012 | INFO | Unique subject/trial pairs: 414

Flat LOSO hyperparameter search — 2 configurations, 4 folds each
Total available subjects: 23
Total LOSO model fits: 8
Smoke-test fold limit: 4 of 23 subjects per configuration
Requested metrics: ['accuracy', 'f1', 'precision', 'recall']
Configuration selection: trial-level accuracy (maximize)
Primary reported metrics: trial-level
Prediction logging: True
Variational interval logging: False
Prediction latent mode: MC average over 5 latent sample(s)
Fold workers: 2
Worker devices: GPUs [0, 1]

################################################################################
Configuration 1 / 2 (4 LOSO fits)
Configuration:
{   'epochs': 5,
    'batch_size': 64,
    'learning_rate': 0.001,
    'ae_loss_weight': 0.3,
    'vc_loss_weight': 0.7,
    'vae_beta': 1.0,
    't_down': 2,
    'emb_dim': 32,
    'dropout': 0.2,
    'conv_filters': [4, 8],
    'kernel_sizes': [5, 3],
    'pool_after_layers': [0],
    'pool_sizes': [2],
    'use_batch_norm': False,
    'bilstm_units': 128,
    'bilstm_layers': 2,
    'bilstm_dropout': 0.2}
[LOSOConfig1Worker-1] initialized on GPU 0 (CUDA_VISIBLE_DEVICES=0)

[Fold   1 / 4] LOSO test subject=0 (train=5940, test=270 windows)
[LOSOConfig1Worker-2] initialized on GPU 1 (CUDA_VISIBLE_DEVICES=1)

[Fold   2 / 4] LOSO test subject=1 (train=5940, test=270 windows)
Epoch 1/5
Epoch 1/5
93/93 - 16s - 175ms/step - accuracy: 0.6975 - autoencoder_loss: 68.9638 - kl_loss: 0.0083 - loss: 21.3283 - reconstruction_loss: 1.0242 - vc_loss: 0.9130 - weighted_kl_loss: 0.0083
Epoch 2/5
93/93 - 17s - 181ms/step - accuracy: 0.7155 - autoencoder_loss: 94.3293 - kl_loss: 0.0114 - loss: 28.9349 - reconstruction_loss: 1.0685 - vc_loss: 0.9087 - weighted_kl_loss: 0.0114
Epoch 2/5
93/93 - 5s - 53ms/step - accuracy: 0.7222 - autoencoder_loss: 7.4142 - kl_loss: 7.8289e-04 - loss: 2.7487 - reconstruction_loss: 1.0008 - vc_loss: 0.7492 - weighted_kl_loss: 7.8289e-04
Epoch 3/5
93/93 - 5s - 55ms/step - accuracy: 0.7293 - autoencoder_loss: 8.2282 - kl_loss: 8.8210e-04 - loss: 3.0057 - reconstruction_loss: 1.0020 - vc_loss: 0.7675 - weighted_kl_loss: 8.8210e-04
Epoch 3/5
93/93 - 5s - 53ms/step - accuracy: 0.7222 - autoencoder_loss: 3.2674 - kl_loss: 2.7679e-04 - loss: 1.4648 - reconstruction_loss: 0.9999 - vc_loss: 0.6922 - weighted_kl_loss: 2.7679e-04
Epoch 4/5
93/93 - 5s - 57ms/step - accuracy: 0.7298 - autoencoder_loss: 3.2198 - kl_loss: 2.7097e-04 - loss: 1.4533 - reconstruction_loss: 1.0000 - vc_loss: 0.6962 - weighted_kl_loss: 2.7097e-04
Epoch 4/5
93/93 - 5s - 55ms/step - accuracy: 0.7222 - autoencoder_loss: 2.0673 - kl_loss: 1.3032e-04 - loss: 1.0824 - reconstruction_loss: 0.9997 - vc_loss: 0.6602 - weighted_kl_loss: 1.3032e-04
Epoch 5/5
93/93 - 5s - 54ms/step - accuracy: 0.7298 - autoencoder_loss: 1.9716 - kl_loss: 1.1859e-04 - loss: 1.0509 - reconstruction_loss: 1.0001 - vc_loss: 0.6563 - weighted_kl_loss: 1.1859e-04
Epoch 5/5
93/93 - 5s - 54ms/step - accuracy: 0.7222 - autoencoder_loss: 1.5983 - kl_loss: 7.3052e-05 - loss: 0.9270 - reconstruction_loss: 0.9999 - vc_loss: 0.6392 - weighted_kl_loss: 7.3052e-05
93/93 - 5s - 55ms/step - accuracy: 0.7298 - autoencoder_loss: 1.5213 - kl_loss: 6.3503e-05 - loss: 0.9046 - reconstruction_loss: 1.0011 - vc_loss: 0.6403 - weighted_kl_loss: 6.3503e-05

Fold 2 metrics (trial primary)
------------------------------
                    fold: 2
        evaluation_level: trial
               n_samples: 18
               n_windows: 270
                n_trials: 18
        keras_model_loss: 1.720935
prediction_latent_samples: 5
                    loss: 0.567036
                accuracy: 0.777778
                      f1: 0.437500
               precision: 0.388889
                  recall: 0.500000
             window_loss: 0.567049
         window_accuracy: 0.777778
               window_f1: 0.437500
        window_precision: 0.388889
           window_recall: 0.500000
              trial_loss: 0.567036
          trial_accuracy: 0.777778
                trial_f1: 0.437500
         trial_precision: 0.388889
            trial_recall: 0.500000

Per-user metrics
----------------------------------------------------------------------------------------------------
  fold=2  subject=1  n=18  evaluation_level=trial  n_windows=270  n_trials=18  loss=0.567036  accuracy=0.777778  f1=0.437500  precision=0.388889  recall=0.500000  window_loss=0.567049  window_accuracy=0.777778  window_f1=0.437500  window_precision=0.388889  window_recall=0.500000  trial_loss=0.567036  trial_accuracy=0.777778  trial_f1=0.437500  trial_precision=0.388889  trial_recall=0.500000

[Fold   3 / 4] LOSO test subject=2 (train=5940, test=270 windows)

Fold 1 metrics (trial primary)
------------------------------
                    fold: 1
        evaluation_level: trial
               n_samples: 18
               n_windows: 270
                n_trials: 18
        keras_model_loss: 5.772954
prediction_latent_samples: 5
                    loss: 0.672112
                accuracy: 0.611111
                      f1: 0.379310
               precision: 0.305556
                  recall: 0.500000
             window_loss: 0.672127
         window_accuracy: 0.611111
               window_f1: 0.379310
        window_precision: 0.305556
           window_recall: 0.500000
              trial_loss: 0.672112
          trial_accuracy: 0.611111
                trial_f1: 0.379310
         trial_precision: 0.305556
            trial_recall: 0.500000

Per-user metrics
----------------------------------------------------------------------------------------------------
  fold=1  subject=0  n=18  evaluation_level=trial  n_windows=270  n_trials=18  loss=0.672112  accuracy=0.611111  f1=0.379310  precision=0.305556  recall=0.500000  window_loss=0.672127  window_accuracy=0.611111  window_f1=0.379310  window_precision=0.305556  window_recall=0.500000  trial_loss=0.672112  trial_accuracy=0.611111  trial_f1=0.379310  trial_precision=0.305556  trial_recall=0.500000
Epoch 1/5

[Fold   4 / 4] LOSO test subject=3 (train=5940, test=270 windows)
Epoch 1/5
93/93 - 12s - 128ms/step - accuracy: 0.7236 - autoencoder_loss: 105.9251 - kl_loss: 0.0128 - loss: 32.4044 - reconstruction_loss: 1.0030 - vc_loss: 0.8955 - weighted_kl_loss: 0.0128
Epoch 2/5
93/93 - 12s - 131ms/step - accuracy: 0.7207 - autoencoder_loss: 146.5691 - kl_loss: 0.0178 - loss: 44.5957 - reconstruction_loss: 1.0286 - vc_loss: 0.8928 - weighted_kl_loss: 0.0178
Epoch 2/5
93/93 - 5s - 55ms/step - accuracy: 0.7298 - autoencoder_loss: 9.7633 - kl_loss: 0.0011 - loss: 3.4638 - reconstruction_loss: 1.0002 - vc_loss: 0.7640 - weighted_kl_loss: 0.0011
Epoch 3/5
93/93 - 5s - 56ms/step - accuracy: 0.7273 - autoencoder_loss: 11.4273 - kl_loss: 0.0013 - loss: 3.9507 - reconstruction_loss: 1.0031 - vc_loss: 0.7465 - weighted_kl_loss: 0.0013
Epoch 3/5
93/93 - 5s - 54ms/step - accuracy: 0.7298 - autoencoder_loss: 3.9457 - kl_loss: 3.5937e-04 - loss: 1.6770 - reconstruction_loss: 1.0018 - vc_loss: 0.7047 - weighted_kl_loss: 3.5937e-04
Epoch 4/5
93/93 - 5s - 55ms/step - accuracy: 0.7273 - autoencoder_loss: 4.5122 - kl_loss: 4.2842e-04 - loss: 1.8389 - reconstruction_loss: 1.0025 - vc_loss: 0.6932 - weighted_kl_loss: 4.2842e-04
Epoch 4/5
93/93 - 5s - 54ms/step - accuracy: 0.7298 - autoencoder_loss: 2.3074 - kl_loss: 1.5968e-04 - loss: 1.1512 - reconstruction_loss: 0.9993 - vc_loss: 0.6556 - weighted_kl_loss: 1.5968e-04
Epoch 5/5
93/93 - 5s - 55ms/step - accuracy: 0.7273 - autoencoder_loss: 2.6807 - kl_loss: 2.0505e-04 - loss: 1.2660 - reconstruction_loss: 1.0009 - vc_loss: 0.6598 - weighted_kl_loss: 2.0505e-04
Epoch 5/5
93/93 - 5s - 54ms/step - accuracy: 0.7298 - autoencoder_loss: 1.7285 - kl_loss: 8.8740e-05 - loss: 0.9655 - reconstruction_loss: 1.0016 - vc_loss: 0.6384 - weighted_kl_loss: 8.8740e-05
93/93 - 5s - 54ms/step - accuracy: 0.7273 - autoencoder_loss: 1.9693 - kl_loss: 1.1830e-04 - loss: 1.0361 - reconstruction_loss: 1.0002 - vc_loss: 0.6361 - weighted_kl_loss: 1.1830e-04

Fold 3 metrics (trial primary)
------------------------------
                    fold: 3
        evaluation_level: trial
               n_samples: 18
               n_windows: 270
                n_trials: 18
        keras_model_loss: 5.993152
prediction_latent_samples: 5
                    loss: 0.669861
                accuracy: 0.611111
                      f1: 0.379310
               precision: 0.305556
                  recall: 0.500000
             window_loss: 0.669928
         window_accuracy: 0.611111
               window_f1: 0.379310
        window_precision: 0.305556
           window_recall: 0.500000
              trial_loss: 0.669861
          trial_accuracy: 0.611111
                trial_f1: 0.379310
         trial_precision: 0.305556
            trial_recall: 0.500000

Per-user metrics
----------------------------------------------------------------------------------------------------
  fold=3  subject=2  n=18  evaluation_level=trial  n_windows=270  n_trials=18  loss=0.669861  accuracy=0.611111  f1=0.379310  precision=0.305556  recall=0.500000  window_loss=0.669928  window_accuracy=0.611111  window_f1=0.379310  window_precision=0.305556  window_recall=0.500000  trial_loss=0.669861  trial_accuracy=0.611111  trial_f1=0.379310  trial_precision=0.305556  trial_recall=0.500000

Fold 4 metrics (trial primary)
------------------------------
                    fold: 4
        evaluation_level: trial
               n_samples: 18
               n_windows: 270
                n_trials: 18
        keras_model_loss: 5.254742
prediction_latent_samples: 5
                    loss: 0.637129
                accuracy: 0.666667
                      f1: 0.400000
               precision: 0.333333
                  recall: 0.500000
             window_loss: 0.637137
         window_accuracy: 0.666667
               window_f1: 0.400000
        window_precision: 0.333333
           window_recall: 0.500000
              trial_loss: 0.637129
          trial_accuracy: 0.666667
                trial_f1: 0.400000
         trial_precision: 0.333333
            trial_recall: 0.500000

Per-user metrics
----------------------------------------------------------------------------------------------------
  fold=4  subject=3  n=18  evaluation_level=trial  n_windows=270  n_trials=18  loss=0.637129  accuracy=0.666667  f1=0.400000  precision=0.333333  recall=0.500000  window_loss=0.637137  window_accuracy=0.666667  window_f1=0.400000  window_precision=0.333333  window_recall=0.500000  trial_loss=0.637129  trial_accuracy=0.666667  trial_f1=0.400000  trial_precision=0.333333  trial_recall=0.500000

Configuration 1 complete: mean trial_accuracy=0.666667 ± 0.068041

################################################################################
Configuration 2 / 2 (4 LOSO fits)
Configuration:
{   'epochs': 5,
    'batch_size': 64,
    'learning_rate': 0.001,
    'ae_loss_weight': 0.3,
    'vc_loss_weight': 0.7,
    'vae_beta': 1.0,
    't_down': 2,
    'emb_dim': 32,
    'dropout': 0.2,
    'conv_filters': [8, 16],
    'kernel_sizes': [5, 3],
    'pool_after_layers': [0],
    'pool_sizes': [2],
    'use_batch_norm': False,
    'bilstm_units': 128,
    'bilstm_layers': 2,
    'bilstm_dropout': 0.2}
[LOSOConfig2Worker-1] initialized on GPU 0 (CUDA_VISIBLE_DEVICES=0)

[Fold   1 / 4] LOSO test subject=0 (train=5940, test=270 windows)
[LOSOConfig2Worker-2] initialized on GPU 1 (CUDA_VISIBLE_DEVICES=1)

[Fold   2 / 4] LOSO test subject=1 (train=5940, test=270 windows)
Epoch 1/5
Epoch 1/5
93/93 - 17s - 181ms/step - accuracy: 0.7170 - autoencoder_loss: 73.2298 - kl_loss: 0.0088 - loss: 22.6117 - reconstruction_loss: 1.0160 - vc_loss: 0.9182 - weighted_kl_loss: 0.0088
Epoch 2/5
93/93 - 17s - 184ms/step - accuracy: 0.7126 - autoencoder_loss: 86.3258 - kl_loss: 0.0104 - loss: 26.5237 - reconstruction_loss: 1.0364 - vc_loss: 0.8942 - weighted_kl_loss: 0.0104
Epoch 2/5
93/93 - 5s - 52ms/step - accuracy: 0.7298 - autoencoder_loss: 6.1188 - kl_loss: 6.2478e-04 - loss: 2.3627 - reconstruction_loss: 1.0006 - vc_loss: 0.7529 - weighted_kl_loss: 6.2478e-04
Epoch 3/5
93/93 - 5s - 51ms/step - accuracy: 0.7222 - autoencoder_loss: 7.9335 - kl_loss: 8.4629e-04 - loss: 2.8994 - reconstruction_loss: 1.0007 - vc_loss: 0.7419 - weighted_kl_loss: 8.4629e-04
Epoch 3/5
93/93 - 5s - 55ms/step - accuracy: 0.7298 - autoencoder_loss: 2.8225 - kl_loss: 2.2256e-04 - loss: 1.3334 - reconstruction_loss: 0.9993 - vc_loss: 0.6952 - weighted_kl_loss: 2.2256e-04
Epoch 4/5
93/93 - 5s - 54ms/step - accuracy: 0.7222 - autoencoder_loss: 3.6120 - kl_loss: 3.1887e-04 - loss: 1.5768 - reconstruction_loss: 0.9999 - vc_loss: 0.7045 - weighted_kl_loss: 3.1887e-04
Epoch 4/5
93/93 - 5s - 54ms/step - accuracy: 0.7298 - autoencoder_loss: 1.8770 - kl_loss: 1.0707e-04 - loss: 1.0291 - reconstruction_loss: 0.9999 - vc_loss: 0.6657 - weighted_kl_loss: 1.0707e-04
Epoch 5/5
93/93 - 5s - 54ms/step - accuracy: 0.7222 - autoencoder_loss: 2.3460 - kl_loss: 1.6432e-04 - loss: 1.1721 - reconstruction_loss: 0.9998 - vc_loss: 0.6690 - weighted_kl_loss: 1.6432e-04
Epoch 5/5
93/93 - 5s - 53ms/step - accuracy: 0.7298 - autoencoder_loss: 1.5081 - kl_loss: 6.2019e-05 - loss: 0.8991 - reconstruction_loss: 1.0000 - vc_loss: 0.6381 - weighted_kl_loss: 6.2019e-05
93/93 - 5s - 56ms/step - accuracy: 0.7222 - autoencoder_loss: 1.7909 - kl_loss: 9.6583e-05 - loss: 0.9850 - reconstruction_loss: 0.9996 - vc_loss: 0.6397 - weighted_kl_loss: 9.6583e-05

Fold 1 metrics (trial primary)
------------------------------
                    fold: 1
        evaluation_level: trial
               n_samples: 18
               n_windows: 270
                n_trials: 18
        keras_model_loss: 5.680078
prediction_latent_samples: 5
                    loss: 0.672120
                accuracy: 0.611111
                      f1: 0.379310
               precision: 0.305556
                  recall: 0.500000
             window_loss: 0.672149
         window_accuracy: 0.611111
               window_f1: 0.379310
        window_precision: 0.305556
           window_recall: 0.500000
              trial_loss: 0.672120
          trial_accuracy: 0.611111
                trial_f1: 0.379310
         trial_precision: 0.305556
            trial_recall: 0.500000

Per-user metrics
----------------------------------------------------------------------------------------------------
  fold=1  subject=0  n=18  evaluation_level=trial  n_windows=270  n_trials=18  loss=0.672120  accuracy=0.611111  f1=0.379310  precision=0.305556  recall=0.500000  window_loss=0.672149  window_accuracy=0.611111  window_f1=0.379310  window_precision=0.305556  window_recall=0.500000  trial_loss=0.672120  trial_accuracy=0.611111  trial_f1=0.379310  trial_precision=0.305556  trial_recall=0.500000

[Fold   3 / 4] LOSO test subject=2 (train=5940, test=270 windows)

Fold 2 metrics (trial primary)
------------------------------
                    fold: 2
        evaluation_level: trial
               n_samples: 18
               n_windows: 270
                n_trials: 18
        keras_model_loss: 3.629126
prediction_latent_samples: 5
                    loss: 0.569125
                accuracy: 0.777778
                      f1: 0.437500
               precision: 0.388889
                  recall: 0.500000
             window_loss: 0.569166
         window_accuracy: 0.777778
               window_f1: 0.437500
        window_precision: 0.388889
           window_recall: 0.500000
              trial_loss: 0.569125
          trial_accuracy: 0.777778
                trial_f1: 0.437500
         trial_precision: 0.388889
            trial_recall: 0.500000

Per-user metrics
----------------------------------------------------------------------------------------------------
  fold=2  subject=1  n=18  evaluation_level=trial  n_windows=270  n_trials=18  loss=0.569125  accuracy=0.777778  f1=0.437500  precision=0.388889  recall=0.500000  window_loss=0.569166  window_accuracy=0.777778  window_f1=0.437500  window_precision=0.388889  window_recall=0.500000  trial_loss=0.569125  trial_accuracy=0.777778  trial_f1=0.437500  trial_precision=0.388889  trial_recall=0.500000
Epoch 1/5

[Fold   4 / 4] LOSO test subject=3 (train=5940, test=270 windows)
Epoch 1/5
93/93 - 12s - 128ms/step - accuracy: 0.7303 - autoencoder_loss: 111.2547 - kl_loss: 0.0135 - loss: 34.0172 - reconstruction_loss: 1.0175 - vc_loss: 0.9154 - weighted_kl_loss: 0.0135
Epoch 2/5
93/93 - 12s - 125ms/step - accuracy: 0.7141 - autoencoder_loss: 171.8541 - kl_loss: 0.0208 - loss: 52.1935 - reconstruction_loss: 1.0519 - vc_loss: 0.9104 - weighted_kl_loss: 0.0208
Epoch 2/5
93/93 - 5s - 55ms/step - accuracy: 0.7258 - autoencoder_loss: 18.6372 - kl_loss: 0.0022 - loss: 6.1151 - reconstruction_loss: 1.0007 - vc_loss: 0.7486 - weighted_kl_loss: 0.0022
Epoch 3/5
93/93 - 6s - 61ms/step - accuracy: 0.7298 - autoencoder_loss: 8.3119 - kl_loss: 8.9233e-04 - loss: 3.0210 - reconstruction_loss: 1.0019 - vc_loss: 0.7535 - weighted_kl_loss: 8.9233e-04
Epoch 3/5
93/93 - 5s - 54ms/step - accuracy: 0.7298 - autoencoder_loss: 3.3398 - kl_loss: 2.8569e-04 - loss: 1.4889 - reconstruction_loss: 0.9994 - vc_loss: 0.6957 - weighted_kl_loss: 2.8569e-04
Epoch 4/5
93/93 - 5s - 54ms/step - accuracy: 0.7273 - autoencoder_loss: 7.8641 - kl_loss: 8.3792e-04 - loss: 2.8448 - reconstruction_loss: 0.9999 - vc_loss: 0.6937 - weighted_kl_loss: 8.3792e-04
Epoch 4/5
93/93 - 5s - 54ms/step - accuracy: 0.7273 - autoencoder_loss: 4.5228 - kl_loss: 4.2987e-04 - loss: 1.8204 - reconstruction_loss: 1.0013 - vc_loss: 0.6623 - weighted_kl_loss: 4.2987e-04
Epoch 5/5
93/93 - 5s - 55ms/step - accuracy: 0.7298 - autoencoder_loss: 2.0907 - kl_loss: 1.3316e-04 - loss: 1.0909 - reconstruction_loss: 0.9999 - vc_loss: 0.6624 - weighted_kl_loss: 1.3316e-04
Epoch 5/5
93/93 - 5s - 54ms/step - accuracy: 0.7273 - autoencoder_loss: 3.0575 - kl_loss: 2.5110e-04 - loss: 1.3648 - reconstruction_loss: 1.0005 - vc_loss: 0.6394 - weighted_kl_loss: 2.5110e-04
93/93 - 5s - 55ms/step - accuracy: 0.7298 - autoencoder_loss: 1.6311 - kl_loss: 7.7017e-05 - loss: 0.9354 - reconstruction_loss: 1.0002 - vc_loss: 0.6372 - weighted_kl_loss: 7.7017e-05

Fold 3 metrics (trial primary)
------------------------------
                    fold: 3
        evaluation_level: trial
               n_samples: 18
               n_windows: 270
                n_trials: 18
        keras_model_loss: 1.685697
prediction_latent_samples: 5
                    loss: 0.670815
                accuracy: 0.611111
                      f1: 0.379310
               precision: 0.305556
                  recall: 0.500000
             window_loss: 0.670836
         window_accuracy: 0.611111
               window_f1: 0.379310
        window_precision: 0.305556
           window_recall: 0.500000
              trial_loss: 0.670815
          trial_accuracy: 0.611111
                trial_f1: 0.379310
         trial_precision: 0.305556
            trial_recall: 0.500000

Per-user metrics
----------------------------------------------------------------------------------------------------
  fold=3  subject=2  n=18  evaluation_level=trial  n_windows=270  n_trials=18  loss=0.670815  accuracy=0.611111  f1=0.379310  precision=0.305556  recall=0.500000  window_loss=0.670836  window_accuracy=0.611111  window_f1=0.379310  window_precision=0.305556  window_recall=0.500000  trial_loss=0.670815  trial_accuracy=0.611111  trial_f1=0.379310  trial_precision=0.305556  trial_recall=0.500000

Fold 4 metrics (trial primary)
------------------------------
                    fold: 4
        evaluation_level: trial
               n_samples: 18
               n_windows: 270
                n_trials: 18
        keras_model_loss: 3.821788
prediction_latent_samples: 5
                    loss: 0.637401
                accuracy: 0.666667
                      f1: 0.400000
               precision: 0.333333
                  recall: 0.500000
             window_loss: 0.637409
         window_accuracy: 0.666667
               window_f1: 0.400000
        window_precision: 0.333333
           window_recall: 0.500000
              trial_loss: 0.637401
          trial_accuracy: 0.666667
                trial_f1: 0.400000
         trial_precision: 0.333333
            trial_recall: 0.500000

Per-user metrics
----------------------------------------------------------------------------------------------------
  fold=4  subject=3  n=18  evaluation_level=trial  n_windows=270  n_trials=18  loss=0.637401  accuracy=0.666667  f1=0.400000  precision=0.333333  recall=0.500000  window_loss=0.637409  window_accuracy=0.666667  window_f1=0.400000  window_precision=0.333333  window_recall=0.500000  trial_loss=0.637401  trial_accuracy=0.666667  trial_f1=0.400000  trial_precision=0.333333  trial_recall=0.500000

Configuration 2 complete: mean trial_accuracy=0.666667 ± 0.068041

Flat LOSO hyperparameter search complete
================================================================================
Selected configuration 1 / 2 using trial-level accuracy.
Best configuration:
{   'epochs': 5,
    'batch_size': 64,
    'learning_rate': 0.001,
    'ae_loss_weight': 0.3,
    'vc_loss_weight': 0.7,
    'vae_beta': 1.0,
    't_down': 2,
    'emb_dim': 32,
    'dropout': 0.2,
    'conv_filters': [4, 8],
    'kernel_sizes': [5, 3],
    'pool_after_layers': [0],
    'pool_sizes': [2],
    'use_batch_norm': False,
    'bilstm_units': 128,
    'bilstm_layers': 2,
    'bilstm_dropout': 0.2}
Selection score: 0.666667 ± 0.068041
Selected configuration primary mean scores:
{   'loss': 0.6365343888269651,
    'accuracy': 0.6666666666666666,
    'f1': 0.3990301724137931,
    'precision': 0.3333333333333333,
    'recall': 0.5}
Selected configuration primary score standard deviations:
{   'loss': 0.042446574115547725,
    'accuracy': 0.06804138174397716,
    'f1': 0.023762425171470335,
    'precision': 0.03402069087198858,
    'recall': 0.0}
Selected configuration window-level mean scores:
{   'loss': 0.6365604290689433,
    'accuracy': 0.6666666666666666,
    'f1': 0.3990301724137931,
    'precision': 0.3333333333333333,
    'recall': 0.5}
Selected configuration trial-level mean scores:
{   'loss': 0.6365343888269651,
    'accuracy': 0.6666666666666666,
    'f1': 0.3990301724137931,
    'precision': 0.3333333333333333,
    'recall': 0.5}
2026-07-19 14:45:44,392 | INFO | Selected final config: {'epochs': 5, 'batch_size': 64, 'learning_rate': 0.001, 'ae_loss_weight': 0.3, 'vc_loss_weight': 0.7, 'vae_beta': 1.0, 't_down': 2, 'emb_dim': 32, 'dropout': 0.2, 'conv_filters': [4, 8], 'kernel_sizes': [5, 3], 'pool_after_layers': [0], 'pool_sizes': [2], 'use_batch_norm': False, 'bilstm_units': 128, 'bilstm_layers': 2, 'bilstm_dropout': 0.2}
2026-07-19 14:45:44,393 | INFO | Selected 5 epochs for the final full-data fit.
Epoch 1/5
98/98 - 19s - 194ms/step - accuracy: 0.7233 - autoencoder_loss: 45.0519 - kl_loss: 0.0054 - loss: 14.1718 - reconstruction_loss: 1.1308 - vc_loss: 0.9374 - weighted_kl_loss: 0.0054
Epoch 2/5
98/98 - 7s - 73ms/step - accuracy: 0.7246 - autoencoder_loss: 4.1815 - kl_loss: 3.8851e-04 - loss: 1.7950 - reconstruction_loss: 0.9989 - vc_loss: 0.7722 - weighted_kl_loss: 3.8851e-04
Epoch 3/5
98/98 - 7s - 71ms/step - accuracy: 0.7246 - autoencoder_loss: 2.0447 - kl_loss: 1.2827e-04 - loss: 1.1081 - reconstruction_loss: 0.9939 - vc_loss: 0.7067 - weighted_kl_loss: 1.2827e-04
Epoch 4/5
98/98 - 7s - 72ms/step - accuracy: 0.7246 - autoencoder_loss: 1.4766 - kl_loss: 5.9076e-05 - loss: 0.9239 - reconstruction_loss: 0.9926 - vc_loss: 0.6871 - weighted_kl_loss: 5.9076e-05
Epoch 5/5
98/98 - 7s - 72ms/step - accuracy: 0.7246 - autoencoder_loss: 1.2480 - kl_loss: 3.1248e-05 - loss: 0.8385 - reconstruction_loss: 0.9920 - vc_loss: 0.6630 - weighted_kl_loss: 3.1248e-05
2026-07-19 14:46:44,039 | INFO | Final full-data metrics: {'accuracy': 0.7246376872062683, 'autoencoder_loss': 1.0458403825759888, 'kl_loss': 5.902622888243059e-06, 'loss': 5.955079555511475, 'reconstruction_loss': 0.9974863529205322, 'vc_loss': 8.059043884277344, 'weighted_kl_loss': 5.902622888243059e-06}
2026-07-19 14:46:44,041 | INFO | Saved run artifacts to runs/joint_autoencoder_vc_v2/CNN1D/joint_v2_dreamer_arousal_cnn1d_20260719_144208
