2026-07-17 16:28:26.620054: I tensorflow/core/util/port.cc:153] oneDNN custom operations are on. You may see slightly different numerical results due to floating-point round-off errors from different computation orders. To turn them off, set the environment variable `TF_ENABLE_ONEDNN_OPTS=0`.
2026-07-17 16:28:26.697445: I tensorflow/core/platform/cpu_feature_guard.cc:210] This TensorFlow binary is optimized to use available CPU instructions in performance-critical operations.
To enable the following instructions: AVX2 AVX512F AVX512_VNNI FMA, in other operations, rebuild TensorFlow with the appropriate compiler flags.
2026-07-17 16:28:40.389696: I tensorflow/core/util/port.cc:153] oneDNN custom operations are on. You may see slightly different numerical results due to floating-point round-off errors from different computation orders. To turn them off, set the environment variable `TF_ENABLE_ONEDNN_OPTS=0`.
WARNING: All log messages before absl::InitializeLog() is called are written to STDERR
I0000 00:00:1784320128.742115   20821 gpu_device.cc:2020] Created device /job:localhost/replica:0/task:0/device:GPU:0 with 43489 MB memory:  -> device: 0, name: NVIDIA L40S, pci bus id: 0000:b3:00.0, compute capability: 8.9
I0000 00:00:1784320128.744295   20821 gpu_device.cc:2020] Created device /job:localhost/replica:0/task:0/device:GPU:1 with 43489 MB memory:  -> device: 1, name: NVIDIA L40S, pci bus id: 0000:b4:00.0, compute capability: 8.9
2026-07-17 16:28:54.434952: I tensorflow/core/util/port.cc:153] oneDNN custom operations are on. You may see slightly different numerical results due to floating-point round-off errors from different computation orders. To turn them off, set the environment variable `TF_ENABLE_ONEDNN_OPTS=0`.
2026-07-17 16:28:54.510158: I tensorflow/core/platform/cpu_feature_guard.cc:210] This TensorFlow binary is optimized to use available CPU instructions in performance-critical operations.
To enable the following instructions: AVX2 AVX512F AVX512_VNNI FMA, in other operations, rebuild TensorFlow with the appropriate compiler flags.
2026-07-17 16:29:00.211435: I tensorflow/core/util/port.cc:153] oneDNN custom operations are on. You may see slightly different numerical results due to floating-point round-off errors from different computation orders. To turn them off, set the environment variable `TF_ENABLE_ONEDNN_OPTS=0`.
2026-07-17 16:29:07.438921: I tensorflow/core/util/port.cc:153] oneDNN custom operations are on. You may see slightly different numerical results due to floating-point round-off errors from different computation orders. To turn them off, set the environment variable `TF_ENABLE_ONEDNN_OPTS=0`.
2026-07-17 16:29:07.511905: I tensorflow/core/platform/cpu_feature_guard.cc:210] This TensorFlow binary is optimized to use available CPU instructions in performance-critical operations.
To enable the following instructions: AVX2 AVX512F AVX512_VNNI FMA, in other operations, rebuild TensorFlow with the appropriate compiler flags.
2026-07-17 16:29:13.126364: I tensorflow/core/util/port.cc:153] oneDNN custom operations are on. You may see slightly different numerical results due to floating-point round-off errors from different computation orders. To turn them off, set the environment variable `TF_ENABLE_ONEDNN_OPTS=0`.
WARNING: All log messages before absl::InitializeLog() is called are written to STDERR
I0000 00:00:1784320155.703768   20986 gpu_device.cc:2020] Created device /job:localhost/replica:0/task:0/device:GPU:0 with 43489 MB memory:  -> device: 0, name: NVIDIA L40S, pci bus id: 0000:b3:00.0, compute capability: 8.9
2026-07-17 16:29:19.958739: I tensorflow/core/util/port.cc:153] oneDNN custom operations are on. You may see slightly different numerical results due to floating-point round-off errors from different computation orders. To turn them off, set the environment variable `TF_ENABLE_ONEDNN_OPTS=0`.
2026-07-17 16:29:20.033198: I tensorflow/core/platform/cpu_feature_guard.cc:210] This TensorFlow binary is optimized to use available CPU instructions in performance-critical operations.
To enable the following instructions: AVX2 AVX512F AVX512_VNNI FMA, in other operations, rebuild TensorFlow with the appropriate compiler flags.
2026-07-17 16:29:25.655469: I tensorflow/core/util/port.cc:153] oneDNN custom operations are on. You may see slightly different numerical results due to floating-point round-off errors from different computation orders. To turn them off, set the environment variable `TF_ENABLE_ONEDNN_OPTS=0`.
Traceback (most recent call last):
  File "<frozen runpy>", line 198, in _run_module_as_main
  File "<frozen runpy>", line 88, in _run_code
  File "/nas/longleaf/home/inserra/EEGProc/src/eegproc/deep_learning/joint_architectures/joint_v2_autoencoder_vc_train.py", line 1409, in <module>
    raise SystemExit(main())
                     ^^^^^^
  File "/nas/longleaf/home/inserra/EEGProc/src/eegproc/deep_learning/joint_architectures/joint_v2_autoencoder_vc_train.py", line 1397, in main
    train_joint_autoencoder_variational_classifier_v2(
  File "/nas/longleaf/home/inserra/EEGProc/src/eegproc/deep_learning/joint_architectures/joint_v2_autoencoder_vc_train.py", line 951, in train_joint_autoencoder_variational_classifier_v2
    cv_results = loso_cv(
                 ^^^^^^^^
  File "/nas/longleaf/home/inserra/EEGProc/src/eegproc/deep_learning/cross_val.py", line 2961, in loso_cv
    fold_outputs = _run_spawned_fold_pool(
                   ^^^^^^^^^^^^^^^^^^^^^^^
  File "/nas/longleaf/home/inserra/EEGProc/src/eegproc/deep_learning/cross_val.py", line 1432, in _run_spawned_fold_pool
    outputs = _collect_spawned_results(
              ^^^^^^^^^^^^^^^^^^^^^^^^^
  File "/nas/longleaf/home/inserra/EEGProc/src/eegproc/deep_learning/cross_val.py", line 1357, in _collect_spawned_results
    raise RuntimeError(
RuntimeError: A spawned LOSO-fold for configuration 1 worker failed while running fold 1.

Traceback (most recent call last):
  File "/nas/longleaf/home/inserra/EEGProc/src/eegproc/deep_learning/cross_val.py", line 2479, in _loso_fold_process_main
    fold_output = _run_loso_fold(
                  ^^^^^^^^^^^^^^^
  File "/nas/longleaf/home/inserra/EEGProc/src/eegproc/deep_learning/cross_val.py", line 2317, in _run_loso_fold
    model = model_builder_function(**model_hp)
            ^^^^^^^^^^^^^^^^^^^^^^^^^^^^^^^^^^
  File "/nas/longleaf/home/inserra/EEGProc/src/eegproc/deep_learning/joint_architectures/joint_v2_autoencoder_vc_train.py", line 857, in model_builder_function
    return build_joint_autoencoder_variational_classifier_v2(
           ^^^^^^^^^^^^^^^^^^^^^^^^^^^^^^^^^^^^^^^^^^^^^^^^^^
  File "/nas/longleaf/home/inserra/EEGProc/src/eegproc/deep_learning/joint_architectures/joint_v2_autoencoder_vc_train.py", line 628, in build_joint_autoencoder_variational_classifier_v2
    encoder, decoder = _build_encoder_decoder(
                       ^^^^^^^^^^^^^^^^^^^^^^^
  File "/nas/longleaf/home/inserra/EEGProc/src/eegproc/deep_learning/joint_architectures/joint_v2_autoencoder_vc_train.py", line 573, in _build_encoder_decoder
    encoder = CNN2DEncoder(**_normalize_cnn2d_configuration(defaults))
                             ^^^^^^^^^^^^^^^^^^^^^^^^^^^^^^^^^^^^^^^^
  File "/nas/longleaf/home/inserra/EEGProc/src/eegproc/deep_learning/joint_architectures/joint_v2_autoencoder_vc_train.py", line 458, in _normalize_cnn2d_configuration
    return _validate_temporal_pooling(config)
           ^^^^^^^^^^^^^^^^^^^^^^^^^^^^^^^^^^
  File "/nas/longleaf/home/inserra/EEGProc/src/eegproc/deep_learning/joint_architectures/joint_v2_autoencoder_vc_train.py", line 430, in _validate_temporal_pooling
    config["temporal_pool_sizes"] = _positive_int_tuple(
                                    ^^^^^^^^^^^^^^^^^^^^
  File "/nas/longleaf/home/inserra/EEGProc/src/eegproc/deep_learning/joint_architectures/joint_v2_autoencoder_vc_train.py", line 314, in _positive_int_tuple
    raise ValueError(f"{name} must be a list or tuple, got {value!r}.")
ValueError: temporal_pool_sizes must be a list or tuple, got 2.

